### docker compose ps
NAME       STATUS         PORTS
tetris-a   Up 4 minutes   5443/tcp
tetris-b   Up 4 minutes   5443/tcp
tetris-c   Up 4 minutes   5443/tcp

### tetris-a  ([tetris] host lines, heartbeat noise removed)
tetris-a  | [tetris] node=a role=DIRECTOR listen=https://0.0.0.0:5443/ advertise=https://tetris-a:5443/ peers=[https://tetris-b:5443/,https://tetris-c:5443/] session=tetris
tetris-a  | [tetris] Stage started; local TLS fingerprint cf39405438508d77…
tetris-a  | [tetris] pinned peer https://tetris-b:5443/ → fp adea71497ecb9f36…
tetris-a  | [tetris] pinned peer https://tetris-c:5443/ → fp 488c4cd2725c5305…
tetris-a  | [tetris] coordination up with tetris-b
tetris-a  | [tetris] coordination up with tetris-c
tetris-a  | [tetris] promoted to Director (IsDirector=True) over real TLS
tetris-a  | [tetris] data star up with tetris-b (replication+command)
tetris-a  | [tetris] data star up with tetris-c (replication+command)
tetris-a  | [tetris] handshake complete over HTTPS: coordination + replication + command channels up.
tetris-a  | [tetris] scripted sequence done; final journal entry = 13
tetris-a  | [tetris] director frame → /data/tetris-a.frame
tetris-a  | [tetris]   director sees: type=- cleared=0 awaiting=True over=False cells=8
tetris-a  | [tetris] catch-up sent to 2 cast(s) up to entry 13
tetris-a  | [tetris] holding the Stage alive (Ctrl+C / docker stop to exit).

### tetris-a  frame file (/data/tetris-a.frame)
tetris-a (DIRECTOR) entry=13
Lines cleared: 0

|                    |
|                    |
|                    |
|                    |
|                    |
|                    |
|                    |
|                    |
|                    |
|                    |
|                    |
|                    |
|                    |
|                    |
|                    |
|                    |
|                    |
|      []            |
|      [][][][]      |
|        [][][]      |
+====================+

### tetris-b  ([tetris] host lines, heartbeat noise removed)
tetris-b  | [tetris] node=b role=cast listen=https://0.0.0.0:5443/ advertise=https://tetris-b:5443/ peers=[https://tetris-a:5443/,https://tetris-c:5443/] session=tetris
tetris-b  | [tetris] Stage started; local TLS fingerprint adea71497ecb9f36…
tetris-b  | [tetris] pinned peer https://tetris-a:5443/ → fp cf39405438508d77…
tetris-b  | [tetris] pinned peer https://tetris-c:5443/ → fp 488c4cd2725c5305…
tetris-b  | [tetris] coordination up with director
tetris-b  | [Puppeteer DEBUG] [Stage 3490ca696cc446549471812232c1ba08] DirectorAnnounce from 593a207917ff4dd7af219b24d9549df8 (peerMax=0)
tetris-b  | [tetris] data star up with director (replication+command); director announced.
tetris-b  | [tetris] caught up to entry 13 (target 13)
tetris-b  | [tetris] cast frame → /data/tetris-b.frame
tetris-b  | [tetris]   cast sees: type=- cleared=0 awaiting=True over=False cells=8   <- REPLICATED over TLS
tetris-b  | [tetris] holding the Stage alive (Ctrl+C / docker stop to exit).

### tetris-b  frame file (/data/tetris-b.frame)
tetris-b (cast) entry=13
Lines cleared: 0

|                    |
|                    |
|                    |
|                    |
|                    |
|                    |
|                    |
|                    |
|                    |
|                    |
|                    |
|                    |
|                    |
|                    |
|                    |
|                    |
|                    |
|      []            |
|      [][][][]      |
|        [][][]      |
+====================+

### tetris-c  ([tetris] host lines, heartbeat noise removed)
tetris-c  | [tetris] node=c role=cast listen=https://0.0.0.0:5443/ advertise=https://tetris-c:5443/ peers=[https://tetris-a:5443/,https://tetris-b:5443/] session=tetris
tetris-c  | [tetris] Stage started; local TLS fingerprint 488c4cd2725c5305…
tetris-c  | [tetris] pinned peer https://tetris-a:5443/ → fp cf39405438508d77…
tetris-c  | [tetris] pinned peer https://tetris-b:5443/ → fp adea71497ecb9f36…
tetris-c  | [tetris] coordination up with director
tetris-c  | [Puppeteer DEBUG] [Stage c8f660b5b7204ebd9c2dfa1296036fa4] DirectorAnnounce from 593a207917ff4dd7af219b24d9549df8 (peerMax=0)
tetris-c  | [tetris] data star up with director (replication+command); director announced.
tetris-c  | [tetris] caught up to entry 13 (target 13)
tetris-c  | [tetris] cast frame → /data/tetris-c.frame
tetris-c  | [tetris]   cast sees: type=- cleared=0 awaiting=True over=False cells=8   <- REPLICATED over TLS
tetris-c  | [tetris] holding the Stage alive (Ctrl+C / docker stop to exit).

### tetris-c  frame file (/data/tetris-c.frame)
tetris-c (cast) entry=13
Lines cleared: 0

|                    |
|                    |
|                    |
|                    |
|                    |
|                    |
|                    |
|                    |
|                    |
|                    |
|                    |
|                    |
|                    |
|                    |
|                    |
|                    |
|                    |
|      []            |
|      [][][][]      |
|        [][][]      |
+====================+

